// Jest Snapshot v1, https://goo.gl/fbAQLP

exports[`snapshot Users 1`] = `
<div
  style={
    Object {
      "backgroundColor": "white",
      "display": "flex",
      "justifyContent": "center",
    }
  }
>
  <table
    className="table"
  >
    <tbody>
      <tr />
      <tr>
        <td />
      </tr>
    </tbody>
  </table>
</div>
`;
